Archive member included to satisfy reference by file (symbol)

c:/program files (x86)/atmel/studio/7.0/toolchain/avr8/avr8-gnu-toolchain/bin/../lib/gcc/avr/5.4.0/avr5\libgcc.a(_exit.o)
                              C:/Program Files (x86)/Atmel/Studio/7.0/Packs/atmel/ATmega_DFP/1.6.364/gcc/dev/atmega32/avr5/crtatmega32.o (exit)
c:/program files (x86)/atmel/studio/7.0/toolchain/avr8/avr8-gnu-toolchain/bin/../lib/gcc/avr/5.4.0/avr5\libgcc.a(_copy_data.o)
                              03-HAL/Keypad/KPD_implementation.o (__do_copy_data)

Discarded input sections

 .data          0x00000000        0x0 C:/Program Files (x86)/Atmel/Studio/7.0/Packs/atmel/ATmega_DFP/1.6.364/gcc/dev/atmega32/avr5/crtatmega32.o
 .bss           0x00000000        0x0 C:/Program Files (x86)/Atmel/Studio/7.0/Packs/atmel/ATmega_DFP/1.6.364/gcc/dev/atmega32/avr5/crtatmega32.o
 .text          0x00000000        0x0 02-MCAL/ADC/ADC_Implementation.o
 .data          0x00000000        0x0 02-MCAL/ADC/ADC_Implementation.o
 .bss           0x00000000        0x0 02-MCAL/ADC/ADC_Implementation.o
 .text.ADC_init
                0x00000000       0x10 02-MCAL/ADC/ADC_Implementation.o
 .text.ADC_read
                0x00000000       0x30 02-MCAL/ADC/ADC_Implementation.o
 .debug_info    0x00000000       0xf3 02-MCAL/ADC/ADC_Implementation.o
 .debug_abbrev  0x00000000       0xa5 02-MCAL/ADC/ADC_Implementation.o
 .debug_loc     0x00000000       0x34 02-MCAL/ADC/ADC_Implementation.o
 .debug_aranges
                0x00000000       0x28 02-MCAL/ADC/ADC_Implementation.o
 .debug_ranges  0x00000000       0x18 02-MCAL/ADC/ADC_Implementation.o
 .debug_line    0x00000000       0xc8 02-MCAL/ADC/ADC_Implementation.o
 .debug_str     0x00000000      0x1d7 02-MCAL/ADC/ADC_Implementation.o
 .comment       0x00000000       0x31 02-MCAL/ADC/ADC_Implementation.o
 .debug_frame   0x00000000       0x34 02-MCAL/ADC/ADC_Implementation.o
 .text          0x00000000        0x0 02-MCAL/DIO_Git/DIO.o
 .data          0x00000000        0x0 02-MCAL/DIO_Git/DIO.o
 .bss           0x00000000        0x0 02-MCAL/DIO_Git/DIO.o
 .text.DIO_toggle
                0x00000000       0x6e 02-MCAL/DIO_Git/DIO.o
 .text          0x00000000        0x0 03-HAL/Keypad/KPD_implementation.o
 .data          0x00000000        0x0 03-HAL/Keypad/KPD_implementation.o
 .bss           0x00000000        0x0 03-HAL/Keypad/KPD_implementation.o
 .text          0x00000000        0x0 03-HAL/LCD/implementation.o
 .data          0x00000000        0x0 03-HAL/LCD/implementation.o
 .bss           0x00000000        0x0 03-HAL/LCD/implementation.o
 .text          0x00000000        0x0 main.o
 .data          0x00000000        0x0 main.o
 .bss           0x00000000        0x0 main.o
 .text          0x00000000        0x0 c:/program files (x86)/atmel/studio/7.0/toolchain/avr8/avr8-gnu-toolchain/bin/../lib/gcc/avr/5.4.0/avr5\libgcc.a(_exit.o)
 .data          0x00000000        0x0 c:/program files (x86)/atmel/studio/7.0/toolchain/avr8/avr8-gnu-toolchain/bin/../lib/gcc/avr/5.4.0/avr5\libgcc.a(_exit.o)
 .bss           0x00000000        0x0 c:/program files (x86)/atmel/studio/7.0/toolchain/avr8/avr8-gnu-toolchain/bin/../lib/gcc/avr/5.4.0/avr5\libgcc.a(_exit.o)
 .text.libgcc.mul
                0x00000000        0x0 c:/program files (x86)/atmel/studio/7.0/toolchain/avr8/avr8-gnu-toolchain/bin/../lib/gcc/avr/5.4.0/avr5\libgcc.a(_exit.o)
 .text.libgcc.div
                0x00000000        0x0 c:/program files (x86)/atmel/studio/7.0/toolchain/avr8/avr8-gnu-toolchain/bin/../lib/gcc/avr/5.4.0/avr5\libgcc.a(_exit.o)
 .text.libgcc   0x00000000        0x0 c:/program files (x86)/atmel/studio/7.0/toolchain/avr8/avr8-gnu-toolchain/bin/../lib/gcc/avr/5.4.0/avr5\libgcc.a(_exit.o)
 .text.libgcc.prologue
                0x00000000        0x0 c:/program files (x86)/atmel/studio/7.0/toolchain/avr8/avr8-gnu-toolchain/bin/../lib/gcc/avr/5.4.0/avr5\libgcc.a(_exit.o)
 .text.libgcc.builtins
                0x00000000        0x0 c:/program files (x86)/atmel/studio/7.0/toolchain/avr8/avr8-gnu-toolchain/bin/../lib/gcc/avr/5.4.0/avr5\libgcc.a(_exit.o)
 .text.libgcc.fmul
                0x00000000        0x0 c:/program files (x86)/atmel/studio/7.0/toolchain/avr8/avr8-gnu-toolchain/bin/../lib/gcc/avr/5.4.0/avr5\libgcc.a(_exit.o)
 .text.libgcc.fixed
                0x00000000        0x0 c:/program files (x86)/atmel/studio/7.0/toolchain/avr8/avr8-gnu-toolchain/bin/../lib/gcc/avr/5.4.0/avr5\libgcc.a(_exit.o)
 .text          0x00000000        0x0 c:/program files (x86)/atmel/studio/7.0/toolchain/avr8/avr8-gnu-toolchain/bin/../lib/gcc/avr/5.4.0/avr5\libgcc.a(_copy_data.o)
 .data          0x00000000        0x0 c:/program files (x86)/atmel/studio/7.0/toolchain/avr8/avr8-gnu-toolchain/bin/../lib/gcc/avr/5.4.0/avr5\libgcc.a(_copy_data.o)
 .bss           0x00000000        0x0 c:/program files (x86)/atmel/studio/7.0/toolchain/avr8/avr8-gnu-toolchain/bin/../lib/gcc/avr/5.4.0/avr5\libgcc.a(_copy_data.o)
 .text.libgcc.mul
                0x00000000        0x0 c:/program files (x86)/atmel/studio/7.0/toolchain/avr8/avr8-gnu-toolchain/bin/../lib/gcc/avr/5.4.0/avr5\libgcc.a(_copy_data.o)
 .text.libgcc.div
                0x00000000        0x0 c:/program files (x86)/atmel/studio/7.0/toolchain/avr8/avr8-gnu-toolchain/bin/../lib/gcc/avr/5.4.0/avr5\libgcc.a(_copy_data.o)
 .text.libgcc   0x00000000        0x0 c:/program files (x86)/atmel/studio/7.0/toolchain/avr8/avr8-gnu-toolchain/bin/../lib/gcc/avr/5.4.0/avr5\libgcc.a(_copy_data.o)
 .text.libgcc.prologue
                0x00000000        0x0 c:/program files (x86)/atmel/studio/7.0/toolchain/avr8/avr8-gnu-toolchain/bin/../lib/gcc/avr/5.4.0/avr5\libgcc.a(_copy_data.o)
 .text.libgcc.builtins
                0x00000000        0x0 c:/program files (x86)/atmel/studio/7.0/toolchain/avr8/avr8-gnu-toolchain/bin/../lib/gcc/avr/5.4.0/avr5\libgcc.a(_copy_data.o)
 .text.libgcc.fmul
                0x00000000        0x0 c:/program files (x86)/atmel/studio/7.0/toolchain/avr8/avr8-gnu-toolchain/bin/../lib/gcc/avr/5.4.0/avr5\libgcc.a(_copy_data.o)
 .text.libgcc.fixed
                0x00000000        0x0 c:/program files (x86)/atmel/studio/7.0/toolchain/avr8/avr8-gnu-toolchain/bin/../lib/gcc/avr/5.4.0/avr5\libgcc.a(_copy_data.o)

Memory Configuration

Name             Origin             Length             Attributes
text             0x00000000         0x00008000         xr
data             0x00800060         0x00000800         rw !x
eeprom           0x00810000         0x00000400         rw !x
fuse             0x00820000         0x00000002         rw !x
lock             0x00830000         0x00000400         rw !x
signature        0x00840000         0x00000400         rw !x
user_signatures  0x00850000         0x00000400         rw !x
*default*        0x00000000         0xffffffff

Linker script and memory map

LOAD C:/Program Files (x86)/Atmel/Studio/7.0/Packs/atmel/ATmega_DFP/1.6.364/gcc/dev/atmega32/avr5/crtatmega32.o
LOAD 02-MCAL/ADC/ADC_Implementation.o
LOAD 02-MCAL/DIO_Git/DIO.o
LOAD 03-HAL/Keypad/KPD_implementation.o
LOAD 03-HAL/LCD/implementation.o
LOAD main.o
START GROUP
END GROUP
START GROUP
LOAD c:/program files (x86)/atmel/studio/7.0/toolchain/avr8/avr8-gnu-toolchain/bin/../lib/gcc/avr/5.4.0/avr5\libgcc.a
LOAD c:/program files (x86)/atmel/studio/7.0/toolchain/avr8/avr8-gnu-toolchain/bin/../lib/gcc/avr/5.4.0/../../../../avr/lib/avr5\libm.a
LOAD c:/program files (x86)/atmel/studio/7.0/toolchain/avr8/avr8-gnu-toolchain/bin/../lib/gcc/avr/5.4.0/../../../../avr/lib/avr5\libc.a
LOAD C:/Program Files (x86)/Atmel/Studio/7.0/Packs/atmel/ATmega_DFP/1.6.364/gcc/dev/atmega32/avr5\libatmega32.a
END GROUP
                0x00000000                __TEXT_REGION_ORIGIN__ = DEFINED (__TEXT_REGION_ORIGIN__)?__TEXT_REGION_ORIGIN__:0x0
                [0x00800060]                __DATA_REGION_ORIGIN__ = DEFINED (__DATA_REGION_ORIGIN__)?__DATA_REGION_ORIGIN__:0x800060
                [0x00008000]                __TEXT_REGION_LENGTH__ = DEFINED (__TEXT_REGION_LENGTH__)?__TEXT_REGION_LENGTH__:0x20000
                [0x00000800]                __DATA_REGION_LENGTH__ = DEFINED (__DATA_REGION_LENGTH__)?__DATA_REGION_LENGTH__:0xffa0
                [0x00000400]                __EEPROM_REGION_LENGTH__ = DEFINED (__EEPROM_REGION_LENGTH__)?__EEPROM_REGION_LENGTH__:0x10000
                [0x00000002]                __FUSE_REGION_LENGTH__ = DEFINED (__FUSE_REGION_LENGTH__)?__FUSE_REGION_LENGTH__:0x400
                0x00000400                __LOCK_REGION_LENGTH__ = DEFINED (__LOCK_REGION_LENGTH__)?__LOCK_REGION_LENGTH__:0x400
                0x00000400                __SIGNATURE_REGION_LENGTH__ = DEFINED (__SIGNATURE_REGION_LENGTH__)?__SIGNATURE_REGION_LENGTH__:0x400
                0x00000400                __USER_SIGNATURE_REGION_LENGTH__ = DEFINED (__USER_SIGNATURE_REGION_LENGTH__)?__USER_SIGNATURE_REGION_LENGTH__:0x400

.hash
 *(.hash)

.dynsym
 *(.dynsym)

.dynstr
 *(.dynstr)

.gnu.version
 *(.gnu.version)

.gnu.version_d
 *(.gnu.version_d)

.gnu.version_r
 *(.gnu.version_r)

.rel.init
 *(.rel.init)

.rela.init
 *(.rela.init)

.rel.text
 *(.rel.text)
 *(.rel.text.*)
 *(.rel.gnu.linkonce.t*)

.rela.text
 *(.rela.text)
 *(.rela.text.*)
 *(.rela.gnu.linkonce.t*)

.rel.fini
 *(.rel.fini)

.rela.fini
 *(.rela.fini)

.rel.rodata
 *(.rel.rodata)
 *(.rel.rodata.*)
 *(.rel.gnu.linkonce.r*)

.rela.rodata
 *(.rela.rodata)
 *(.rela.rodata.*)
 *(.rela.gnu.linkonce.r*)

.rel.data
 *(.rel.data)
 *(.rel.data.*)
 *(.rel.gnu.linkonce.d*)

.rela.data
 *(.rela.data)
 *(.rela.data.*)
 *(.rela.gnu.linkonce.d*)

.rel.ctors
 *(.rel.ctors)

.rela.ctors
 *(.rela.ctors)

.rel.dtors
 *(.rel.dtors)

.rela.dtors
 *(.rela.dtors)

.rel.got
 *(.rel.got)

.rela.got
 *(.rela.got)

.rel.bss
 *(.rel.bss)

.rela.bss
 *(.rela.bss)

.rel.plt
 *(.rel.plt)

.rela.plt
 *(.rela.plt)

.text           0x00000000      0x77c
 *(.vectors)
 .vectors       0x00000000       0x54 C:/Program Files (x86)/Atmel/Studio/7.0/Packs/atmel/ATmega_DFP/1.6.364/gcc/dev/atmega32/avr5/crtatmega32.o
                0x00000000                __vector_default
                0x00000000                __vectors
 *(.vectors)
 *(.progmem.gcc*)
                0x00000054                . = ALIGN (0x2)
                0x00000054                __trampolines_start = .
 *(.trampolines)
 .trampolines   0x00000054        0x0 linker stubs
 *(.trampolines*)
                0x00000054                __trampolines_end = .
 *libprintf_flt.a:*(.progmem.data)
 *libc.a:*(.progmem.data)
 *(.progmem*)
                0x00000054                . = ALIGN (0x2)
 *(.jumptables)
 *(.jumptables*)
 *(.lowtext)
 *(.lowtext*)
                0x00000054                __ctors_start = .
 *(.ctors)
                0x00000054                __ctors_end = .
                0x00000054                __dtors_start = .
 *(.dtors)
                0x00000054                __dtors_end = .
 SORT(*)(.ctors)
 SORT(*)(.dtors)
 *(.init0)
 .init0         0x00000054        0x0 C:/Program Files (x86)/Atmel/Studio/7.0/Packs/atmel/ATmega_DFP/1.6.364/gcc/dev/atmega32/avr5/crtatmega32.o
                0x00000054                __init
 *(.init0)
 *(.init1)
 *(.init1)
 *(.init2)
 .init2         0x00000054        0xc C:/Program Files (x86)/Atmel/Studio/7.0/Packs/atmel/ATmega_DFP/1.6.364/gcc/dev/atmega32/avr5/crtatmega32.o
 *(.init2)
 *(.init3)
 *(.init3)
 *(.init4)
 .init4         0x00000060       0x16 c:/program files (x86)/atmel/studio/7.0/toolchain/avr8/avr8-gnu-toolchain/bin/../lib/gcc/avr/5.4.0/avr5\libgcc.a(_copy_data.o)
                0x00000060                __do_copy_data
 *(.init4)
 *(.init5)
 *(.init5)
 *(.init6)
 *(.init6)
 *(.init7)
 *(.init7)
 *(.init8)
 *(.init8)
 *(.init9)
 .init9         0x00000076        0x8 C:/Program Files (x86)/Atmel/Studio/7.0/Packs/atmel/ATmega_DFP/1.6.364/gcc/dev/atmega32/avr5/crtatmega32.o
 *(.init9)
 *(.text)
 .text          0x0000007e        0x4 C:/Program Files (x86)/Atmel/Studio/7.0/Packs/atmel/ATmega_DFP/1.6.364/gcc/dev/atmega32/avr5/crtatmega32.o
                0x0000007e                __vector_1
                0x0000007e                __vector_12
                0x0000007e                __bad_interrupt
                0x0000007e                __vector_6
                0x0000007e                __vector_3
                0x0000007e                __vector_11
                0x0000007e                __vector_13
                0x0000007e                __vector_17
                0x0000007e                __vector_19
                0x0000007e                __vector_7
                0x0000007e                __vector_5
                0x0000007e                __vector_4
                0x0000007e                __vector_9
                0x0000007e                __vector_2
                0x0000007e                __vector_15
                0x0000007e                __vector_8
                0x0000007e                __vector_14
                0x0000007e                __vector_10
                0x0000007e                __vector_16
                0x0000007e                __vector_18
                0x0000007e                __vector_20
                0x00000082                . = ALIGN (0x2)
 *(.text.*)
 .text.DIO_init
                0x00000082       0xfc 02-MCAL/DIO_Git/DIO.o
                0x00000082                DIO_init
 .text.DIO_write
                0x0000017e       0xe0 02-MCAL/DIO_Git/DIO.o
                0x0000017e                DIO_write
 .text.DIO_port
                0x0000025e       0x48 02-MCAL/DIO_Git/DIO.o
                0x0000025e                DIO_port
 .text.DIO_read
                0x000002a6       0xc8 02-MCAL/DIO_Git/DIO.o
                0x000002a6                DIO_read
 .text.KPD_msdelay
                0x0000036e       0x44 03-HAL/Keypad/KPD_implementation.o
                0x0000036e                KPD_msdelay
 .text.KPD_init
                0x000003b2       0x7c 03-HAL/Keypad/KPD_implementation.o
                0x000003b2                KPD_init
 .text.KPD_getVal
                0x0000042e       0xbc 03-HAL/Keypad/KPD_implementation.o
                0x0000042e                KPD_getVal
 .text.msdelay  0x000004ea       0x44 03-HAL/LCD/implementation.o
                0x000004ea                msdelay
 .text.LCD_sendStartCmd
                0x0000052e       0x40 03-HAL/LCD/implementation.o
                0x0000052e                LCD_sendStartCmd
 .text.LCD_sendCmd
                0x0000056e       0x86 03-HAL/LCD/implementation.o
                0x0000056e                LCD_sendCmd
 .text.LCD_init
                0x000005f4       0x7c 03-HAL/LCD/implementation.o
                0x000005f4                LCD_init
 .text.LCD_goToXY
                0x00000670       0x1c 03-HAL/LCD/implementation.o
                0x00000670                LCD_goToXY
 .text.LCD_sendChar
                0x0000068c       0x86 03-HAL/LCD/implementation.o
                0x0000068c                LCD_sendChar
 .text.LCD_sendStr
                0x00000712       0x26 03-HAL/LCD/implementation.o
                0x00000712                LCD_sendStr
 .text.main     0x00000738       0x40 main.o
                0x00000738                main
                0x00000778                . = ALIGN (0x2)
 *(.fini9)
 .fini9         0x00000778        0x0 c:/program files (x86)/atmel/studio/7.0/toolchain/avr8/avr8-gnu-toolchain/bin/../lib/gcc/avr/5.4.0/avr5\libgcc.a(_exit.o)
                0x00000778                _exit
                0x00000778                exit
 *(.fini9)
 *(.fini8)
 *(.fini8)
 *(.fini7)
 *(.fini7)
 *(.fini6)
 *(.fini6)
 *(.fini5)
 *(.fini5)
 *(.fini4)
 *(.fini4)
 *(.fini3)
 *(.fini3)
 *(.fini2)
 *(.fini2)
 *(.fini1)
 *(.fini1)
 *(.fini0)
 .fini0         0x00000778        0x4 c:/program files (x86)/atmel/studio/7.0/toolchain/avr8/avr8-gnu-toolchain/bin/../lib/gcc/avr/5.4.0/avr5\libgcc.a(_exit.o)
 *(.fini0)
                0x0000077c                _etext = .

.data           0x00800060       0x42 load address 0x0000077c
                0x00800060                PROVIDE (__data_start, .)
 *(.data)
 *(.data*)
 .data.gau8_KPD_keys
                0x00800060        0x9 03-HAL/Keypad/KPD_implementation.o
                0x00800060                gau8_KPD_keys
 .data.ST_LCD_D7_config
                0x00800069        0x3 03-HAL/LCD/implementation.o
                0x00800069                ST_LCD_D7_config
 .data.ST_LCD_D6_config
                0x0080006c        0x3 03-HAL/LCD/implementation.o
                0x0080006c                ST_LCD_D6_config
 .data.ST_LCD_D5_config
                0x0080006f        0x3 03-HAL/LCD/implementation.o
                0x0080006f                ST_LCD_D5_config
 .data.ST_LCD_D4_config
                0x00800072        0x3 03-HAL/LCD/implementation.o
                0x00800072                ST_LCD_D4_config
 .data.ST_LCD_E_config
                0x00800075        0x3 03-HAL/LCD/implementation.o
                0x00800075                ST_LCD_E_config
 .data.ST_LCD_RW_config
                0x00800078        0x3 03-HAL/LCD/implementation.o
                0x00800078                ST_LCD_RW_config
 .data.ST_LCD_RS_config
                0x0080007b        0x3 03-HAL/LCD/implementation.o
                0x0080007b                ST_LCD_RS_config
 *(.gnu.linkonce.d*)
 *(.rodata)
 .rodata        0x0080007e       0x12 03-HAL/Keypad/KPD_implementation.o
 *(.rodata*)
 .rodata.str1.1
                0x00800090       0x11 main.o
 *(.gnu.linkonce.r*)
                0x008000a2                . = ALIGN (0x2)
 *fill*         0x008000a1        0x1 
                0x008000a2                _edata = .
                0x008000a2                PROVIDE (__data_end, .)

.bss            0x008000a2        0x0
                [!provide]                PROVIDE (__bss_start, .)
 *(.bss)
 *(.bss*)
 *(COMMON)
                [!provide]                PROVIDE (__bss_end, .)
                0x0000077c                __data_load_start = LOADADDR (.data)
                0x000007be                __data_load_end = (__data_load_start + SIZEOF (.data))

.noinit         0x008000a2        0x0
                [!provide]                PROVIDE (__noinit_start, .)
 *(.noinit*)
                [!provide]                PROVIDE (__noinit_end, .)
                0x008000a2                _end = .
                [!provide]                PROVIDE (__heap_start, .)

.eeprom         0x00810000        0x0
 *(.eeprom*)
                0x00810000                __eeprom_end = .

.fuse
 *(.fuse)
 *(.lfuse)
 *(.hfuse)
 *(.efuse)

.lock
 *(.lock*)

.signature
 *(.signature*)

.user_signatures
 *(.user_signatures*)

.stab
 *(.stab)

.stabstr
 *(.stabstr)

.stab.excl
 *(.stab.excl)

.stab.exclstr
 *(.stab.exclstr)

.stab.index
 *(.stab.index)

.stab.indexstr
 *(.stab.indexstr)

.comment        0x00000000       0x30
 *(.comment)
 .comment       0x00000000       0x30 02-MCAL/DIO_Git/DIO.o
                                 0x31 (size before relaxing)
 .comment       0x00000030       0x31 03-HAL/Keypad/KPD_implementation.o
 .comment       0x00000030       0x31 03-HAL/LCD/implementation.o
 .comment       0x00000030       0x31 main.o

.note.gnu.avr.deviceinfo
                0x00000000       0x3c
 .note.gnu.avr.deviceinfo
                0x00000000       0x3c C:/Program Files (x86)/Atmel/Studio/7.0/Packs/atmel/ATmega_DFP/1.6.364/gcc/dev/atmega32/avr5/crtatmega32.o

.note.gnu.build-id
 *(.note.gnu.build-id)

.debug
 *(.debug)

.line
 *(.line)

.debug_srcinfo
 *(.debug_srcinfo)

.debug_sfnames
 *(.debug_sfnames)

.debug_aranges  0x00000000       0xe0
 *(.debug_aranges)
 .debug_aranges
                0x00000000       0x40 02-MCAL/DIO_Git/DIO.o
 .debug_aranges
                0x00000040       0x30 03-HAL/Keypad/KPD_implementation.o
 .debug_aranges
                0x00000070       0x50 03-HAL/LCD/implementation.o
 .debug_aranges
                0x000000c0       0x20 main.o

.debug_pubnames
 *(.debug_pubnames)

.debug_info     0x00000000     0x1563
 *(.debug_info .gnu.linkonce.wi.*)
 .debug_info    0x00000000      0x4e6 C:/Program Files (x86)/Atmel/Studio/7.0/Packs/atmel/ATmega_DFP/1.6.364/gcc/dev/atmega32/avr5/crtatmega32.o
 .debug_info    0x000004e6      0x284 02-MCAL/DIO_Git/DIO.o
 .debug_info    0x0000076a      0x36e 03-HAL/Keypad/KPD_implementation.o
 .debug_info    0x00000ad8      0x8c4 03-HAL/LCD/implementation.o
 .debug_info    0x0000139c      0x1c7 main.o

.debug_abbrev   0x00000000      0x961
 *(.debug_abbrev)
 .debug_abbrev  0x00000000      0x4a3 C:/Program Files (x86)/Atmel/Studio/7.0/Packs/atmel/ATmega_DFP/1.6.364/gcc/dev/atmega32/avr5/crtatmega32.o
 .debug_abbrev  0x000004a3      0x137 02-MCAL/DIO_Git/DIO.o
 .debug_abbrev  0x000005da      0x14e 03-HAL/Keypad/KPD_implementation.o
 .debug_abbrev  0x00000728      0x170 03-HAL/LCD/implementation.o
 .debug_abbrev  0x00000898       0xc9 main.o

.debug_line     0x00000000      0x85c
 *(.debug_line .debug_line.* .debug_line_end)
 .debug_line    0x00000000      0x116 C:/Program Files (x86)/Atmel/Studio/7.0/Packs/atmel/ATmega_DFP/1.6.364/gcc/dev/atmega32/avr5/crtatmega32.o
 .debug_line    0x00000116      0x1f3 02-MCAL/DIO_Git/DIO.o
 .debug_line    0x00000309      0x1d0 03-HAL/Keypad/KPD_implementation.o
 .debug_line    0x000004d9      0x2cc 03-HAL/LCD/implementation.o
 .debug_line    0x000007a5       0xb7 main.o

.debug_frame    0x00000000      0x1f4
 *(.debug_frame)
 .debug_frame   0x00000000       0x74 02-MCAL/DIO_Git/DIO.o
 .debug_frame   0x00000074       0x98 03-HAL/Keypad/KPD_implementation.o
 .debug_frame   0x0000010c       0xb4 03-HAL/LCD/implementation.o
 .debug_frame   0x000001c0       0x34 main.o

.debug_str      0x00000000      0x56d
 *(.debug_str)
 .debug_str     0x00000000      0x196 C:/Program Files (x86)/Atmel/Studio/7.0/Packs/atmel/ATmega_DFP/1.6.364/gcc/dev/atmega32/avr5/crtatmega32.o
 .debug_str     0x00000196      0x209 02-MCAL/DIO_Git/DIO.o
                                0x22c (size before relaxing)
 .debug_str     0x0000039f       0xaf 03-HAL/Keypad/KPD_implementation.o
                                0x27f (size before relaxing)
 .debug_str     0x0000044e      0x103 03-HAL/LCD/implementation.o
                                0x2fc (size before relaxing)
 .debug_str     0x00000551       0x1c main.o
                                0x1de (size before relaxing)

.debug_loc      0x00000000      0x725
 *(.debug_loc)
 .debug_loc     0x00000000      0x2f6 02-MCAL/DIO_Git/DIO.o
 .debug_loc     0x000002f6      0x1dd 03-HAL/Keypad/KPD_implementation.o
 .debug_loc     0x000004d3      0x20a 03-HAL/LCD/implementation.o
 .debug_loc     0x000006dd       0x48 main.o

.debug_macinfo
 *(.debug_macinfo)

.debug_weaknames
 *(.debug_weaknames)

.debug_funcnames
 *(.debug_funcnames)

.debug_typenames
 *(.debug_typenames)

.debug_varnames
 *(.debug_varnames)

.debug_pubtypes
 *(.debug_pubtypes)

.debug_ranges   0x00000000       0xa0
 *(.debug_ranges)
 .debug_ranges  0x00000000       0x30 02-MCAL/DIO_Git/DIO.o
 .debug_ranges  0x00000030       0x20 03-HAL/Keypad/KPD_implementation.o
 .debug_ranges  0x00000050       0x40 03-HAL/LCD/implementation.o
 .debug_ranges  0x00000090       0x10 main.o

.debug_macro
 *(.debug_macro)
OUTPUT(Sprint 5_LIB_PROJECT.elf elf32-avr)
LOAD linker stubs
